// Vitest Snapshot v1, https://vitest.dev/guide/snapshot.html

exports[`eslint-plugin-oxlint > eslint-plugin-oxlint 1`] = `
{
  "categories": {
    "correctness": "off",
  },
  "env": {
    "builtin": true,
    "es2025": true,
    "phantomjs": true,
  },
  "ignorePatterns": [
    "dist/",
  ],
  "plugins": [
    "unicorn",
    "typescript",
  ],
  "rules": {
    "@typescript-eslint/ban-ts-comment": "error",
    "@typescript-eslint/no-array-constructor": "error",
    "@typescript-eslint/no-duplicate-enum-values": "error",
    "@typescript-eslint/no-empty-object-type": "error",
    "@typescript-eslint/no-explicit-any": "error",
    "@typescript-eslint/no-extra-non-null-assertion": "error",
    "@typescript-eslint/no-misused-new": "error",
    "@typescript-eslint/no-namespace": "error",
    "@typescript-eslint/no-non-null-asserted-optional-chain": "error",
    "@typescript-eslint/no-require-imports": "error",
    "@typescript-eslint/no-this-alias": "error",
    "@typescript-eslint/no-unnecessary-type-constraint": "error",
    "@typescript-eslint/no-unsafe-declaration-merging": "error",
    "@typescript-eslint/no-unsafe-function-type": "error",
    "@typescript-eslint/no-unused-expressions": "error",
    "@typescript-eslint/no-unused-vars": "error",
    "@typescript-eslint/no-wrapper-object-types": "error",
    "@typescript-eslint/prefer-as-const": "error",
    "@typescript-eslint/prefer-namespace-keyword": "error",
    "@typescript-eslint/triple-slash-reference": "error",
    "constructor-super": "error",
    "for-direction": "error",
    "getter-return": "error",
    "no-array-constructor": "off",
    "no-async-promise-executor": "error",
    "no-case-declarations": "error",
    "no-class-assign": "error",
    "no-compare-neg-zero": "error",
    "no-cond-assign": "error",
    "no-const-assign": "error",
    "no-constant-binary-expression": "error",
    "no-constant-condition": "error",
    "no-control-regex": "error",
    "no-debugger": "error",
    "no-delete-var": "error",
    "no-dupe-class-members": "error",
    "no-dupe-else-if": "error",
    "no-dupe-keys": "error",
    "no-duplicate-case": "error",
    "no-empty": "error",
    "no-empty-character-class": "error",
    "no-empty-pattern": "error",
    "no-empty-static-block": "error",
    "no-ex-assign": "error",
    "no-extra-boolean-cast": "error",
    "no-fallthrough": "error",
    "no-func-assign": "error",
    "no-global-assign": "error",
    "no-import-assign": "error",
    "no-invalid-regexp": "error",
    "no-irregular-whitespace": "error",
    "no-loss-of-precision": "error",
    "no-negated-condition": "off",
    "no-nested-ternary": "off",
    "no-new-native-nonconstructor": "error",
    "no-nonoctal-decimal-escape": "error",
    "no-obj-calls": "error",
    "no-prototype-builtins": "error",
    "no-redeclare": "error",
    "no-regex-spaces": "error",
    "no-self-assign": "error",
    "no-setter-return": "error",
    "no-shadow-restricted-names": "error",
    "no-sparse-arrays": "error",
    "no-this-before-super": "error",
    "no-undef": "error",
    "no-unexpected-multiline": 0,
    "no-unreachable": "error",
    "no-unsafe-finally": "error",
    "no-unsafe-negation": "error",
    "no-unsafe-optional-chaining": "error",
    "no-unused-expressions": "off",
    "no-unused-labels": "error",
    "no-unused-private-class-members": "error",
    "no-unused-vars": "off",
    "no-useless-catch": "error",
    "no-useless-escape": "error",
    "no-with": "error",
    "require-yield": "error",
    "unicorn/catch-error-name": "error",
    "unicorn/consistent-empty-array-spread": "error",
    "unicorn/consistent-existence-index-check": "error",
    "unicorn/consistent-function-scoping": "error",
    "unicorn/empty-brace-spaces": "off",
    "unicorn/error-message": "error",
    "unicorn/escape-case": "error",
    "unicorn/explicit-length-check": "error",
    "unicorn/filename-case": "error",
    "unicorn/new-for-builtins": "error",
    "unicorn/no-abusive-eslint-disable": "error",
    "unicorn/no-anonymous-default-export": "error",
    "unicorn/no-array-for-each": "error",
    "unicorn/no-array-reduce": "error",
    "unicorn/no-await-expression-member": "error",
    "unicorn/no-await-in-promise-methods": "error",
    "unicorn/no-console-spaces": "error",
    "unicorn/no-document-cookie": "error",
    "unicorn/no-empty-file": "error",
    "unicorn/no-hex-escape": "error",
    "unicorn/no-instanceof-array": "error",
    "unicorn/no-invalid-remove-event-listener": "error",
    "unicorn/no-length-as-slice-end": "error",
    "unicorn/no-lonely-if": "error",
    "unicorn/no-magic-array-flat-depth": "error",
    "unicorn/no-negated-condition": "error",
    "unicorn/no-negation-in-equality-check": "error",
    "unicorn/no-nested-ternary": "off",
    "unicorn/no-new-array": "error",
    "unicorn/no-new-buffer": "error",
    "unicorn/no-null": "error",
    "unicorn/no-object-as-default-parameter": "error",
    "unicorn/no-process-exit": "error",
    "unicorn/no-single-promise-in-promise-methods": "error",
    "unicorn/no-static-only-class": "error",
    "unicorn/no-thenable": "error",
    "unicorn/no-this-assignment": "error",
    "unicorn/no-typeof-undefined": "error",
    "unicorn/no-unnecessary-await": "error",
    "unicorn/no-unreadable-array-destructuring": "error",
    "unicorn/no-unreadable-iife": "error",
    "unicorn/no-useless-fallback-in-spread": "error",
    "unicorn/no-useless-length-check": "error",
    "unicorn/no-useless-promise-resolve-reject": "error",
    "unicorn/no-useless-spread": "error",
    "unicorn/no-useless-switch-case": "error",
    "unicorn/no-useless-undefined": "error",
    "unicorn/no-zero-fractions": "error",
    "unicorn/number-literal-case": "off",
    "unicorn/numeric-separators-style": "error",
    "unicorn/prefer-add-event-listener": "error",
    "unicorn/prefer-array-flat": "error",
    "unicorn/prefer-array-flat-map": "error",
    "unicorn/prefer-array-some": "error",
    "unicorn/prefer-blob-reading-methods": "error",
    "unicorn/prefer-code-point": "error",
    "unicorn/prefer-date-now": "error",
    "unicorn/prefer-dom-node-append": "error",
    "unicorn/prefer-dom-node-dataset": "error",
    "unicorn/prefer-dom-node-remove": "error",
    "unicorn/prefer-dom-node-text-content": "error",
    "unicorn/prefer-event-target": "error",
    "unicorn/prefer-includes": "error",
    "unicorn/prefer-logical-operator-over-ternary": "error",
    "unicorn/prefer-math-min-max": "error",
    "unicorn/prefer-math-trunc": "error",
    "unicorn/prefer-modern-dom-apis": "error",
    "unicorn/prefer-modern-math-apis": "error",
    "unicorn/prefer-native-coercion-functions": "error",
    "unicorn/prefer-negative-index": "error",
    "unicorn/prefer-node-protocol": "error",
    "unicorn/prefer-number-properties": "error",
    "unicorn/prefer-optional-catch-binding": "error",
    "unicorn/prefer-prototype-methods": "error",
    "unicorn/prefer-query-selector": "error",
    "unicorn/prefer-reflect-apply": "error",
    "unicorn/prefer-regexp-test": "error",
    "unicorn/prefer-set-has": "error",
    "unicorn/prefer-set-size": "error",
    "unicorn/prefer-spread": "error",
    "unicorn/prefer-string-raw": "error",
    "unicorn/prefer-string-replace-all": "error",
    "unicorn/prefer-string-slice": "error",
    "unicorn/prefer-string-starts-ends-with": "error",
    "unicorn/prefer-string-trim-start-end": "error",
    "unicorn/prefer-structured-clone": "error",
    "unicorn/prefer-type-error": "error",
    "unicorn/require-array-join-separator": "error",
    "unicorn/require-number-to-fixed-digits-argument": "error",
    "unicorn/switch-case-braces": "error",
    "unicorn/text-encoding-identifier-case": "error",
    "unicorn/throw-new-error": "error",
    "use-isnan": "error",
    "valid-typeof": "error",
  },
}
`;
